// Jest Snapshot v1, https://goo.gl/fbAQLP

exports[`renders Admin page 1`] = `
<div>
  <div>
    <div
      class="dog-form"
    >
      <form>
        <h2>
          Dog Details
        </h2>
        <div
          class="form-control"
        >
          <label>
            Id:
          </label>
          <input
            placeholder="Id"
            type="numebr"
            value=""
          />
        </div>
        <div
          class="form-control"
        >
          <label>
            Name:
          </label>
          <input
            placeholder="Name"
            type="text"
            value=""
          />
        </div>
        <div
          class="form-control"
        >
          <label>
            Image:
          </label>
          <input
            placeholder="Image URL"
            type="text"
            value=""
          />
        </div>
        <div
          class="form-control"
        >
          <label>
            Age:
          </label>
          <input
            placeholder="Age"
            type="number"
            value=""
          />
        </div>
        <div
          class="form-control"
        >
          <label>
            Breed:
          </label>
          <input
            placeholder="Breed"
            type="text"
            value=""
          />
        </div>
        <div
          class="form-control"
        >
          <label>
            Bio:
          </label>
          <textarea
            placeholder="Bio"
          />
        </div>
        <div>
          <button>
            Save
          </button>
        </div>
        <div>
          <button>
            Delete
          </button>
        </div>
      </form>
    </div>
  </div>
</div>
`;
