// Jest Snapshot v1, https://goo.gl/fbAQLP

exports[`should render an individual dog 1`] = `
<div>
  <div>
    <div>
      <h1>
        Barton
      </h1>
      <img
        src="https://placedog.net/500?id=6"
      />
      <p>
        Barton
         is a(n) 
        1
         year old 
        Weimaraner
      </p>
      <p>
        Adores every person he meets. Very social and lots of energy
      </p>
    </div>
  </div>
</div>
`;
